// Jest Snapshot v1, https://goo.gl/fbAQLP

exports[`Button changes name when clicked 1`] = `
<button
  onClick={[Function]}
  type="button"
>
  Show 
   tasks
</button>
`;
